(gprmax-env) C:\Users\TIH28\gprMax\batch_run\simulations_full_strategy_split\split_4\test>python collector.py
✅ Processing gpr_clay_r0_05_d0_2_a15 with 225 files
Traceback (most recent call last):
  File "<frozen runpy>", line 198, in _run_module_as_main
  File "<frozen runpy>", line 88, in _run_code
  File "C:\Users\TIH28\AppData\Roaming\Python\Python311\site-packages\tools\plot_Bscan.py", line 89, in <module>
    f = h5py.File(args.outputfile, 'r')
        ^^^^^^^^^^^^^^^^^^^^^^^^^^^^^^^
  File "C:\Users\TIH28\AppData\Roaming\Python\Python311\site-packages\h5py\_hl\files.py", line 564, in __init__
    fid = make_fid(name, mode, userblock_size, fapl, fcpl, swmr=swmr)
          ^^^^^^^^^^^^^^^^^^^^^^^^^^^^^^^^^^^^^^^^^^^^^^^^^^^^^^^^^^^
  File "C:\Users\TIH28\AppData\Roaming\Python\Python311\site-packages\h5py\_hl\files.py", line 238, in make_fid
    fid = h5f.open(name, flags, fapl=fapl)
          ^^^^^^^^^^^^^^^^^^^^^^^^^^^^^^^^
  File "h5py/_objects.pyx", line 56, in h5py._objects.with_phil.wrapper
  File "h5py/_objects.pyx", line 57, in h5py._objects.with_phil.wrapper
  File "h5py/h5f.pyx", line 102, in h5py.h5f.open
FileNotFoundError: [Errno 2] Unable to synchronously open file (unable to open file: name = 'gpr_clay_r0_05_d0_2_a15__merged.out', errno = 2, error message = 'No such file or directory', flags = 0, o_flags = 0)
❌ Error while processing gpr_clay_r0_05_d0_2_a15: Command '['python', '-m', 'tools.plot_Bscan', 'gpr_clay_r0_05_d0_2_a15__merged.out', 'Ez']' returned non-zero exit status 1.
⏩ Skipping gpr_clay_r0_05_d0_2_a90 — only 34 files found (needs 225)




gpr_clay_r0_05_d0_2_a15__merged.out






# Copyright (C) 2015-2023: The University of Edinburgh
#                 Authors: Craig Warren and Antonis Giannopoulos
#
# This file is part of gprMax.
#
# gprMax is free software: you can redistribute it and/or modify
# it under the terms of the GNU General Public License as published by
# the Free Software Foundation, either version 3 of the License, or
# (at your option) any later version.
#
# gprMax is distributed in the hope that it will be useful,
# but WITHOUT ANY WARRANTY; without even the implied warranty of
# MERCHANTABILITY or FITNESS FOR A PARTICULAR PURPOSE.  See the
# GNU General Public License for more details.
#
# You should have received a copy of the GNU General Public License
# along with gprMax.  If not, see <http://www.gnu.org/licenses/>.

import argparse
import os

import h5py
import numpy as np
import matplotlib.pyplot as plt

from gprMax.exceptions import CmdInputError
from .outputfiles_merge import get_output_data


def mpl_plot(filename, outputdata, dt, rxnumber, rxcomponent):
    """Creates a plot (with matplotlib) of the B-scan.

    Args:
        filename (string): Filename (including path) of output file.
        outputdata (array): Array of A-scans, i.e. B-scan data.
        dt (float): Temporal resolution of the model.
        rxnumber (int): Receiver output number.
        rxcomponent (str): Receiver output field/current component.

    Returns:
        plt (object): matplotlib plot object.
    """

    (path, filename) = os.path.split(filename)

    fig = plt.figure(num=filename + ' - rx' + str(rxnumber), 
                     figsize=(20, 10), facecolor='w', edgecolor='w')
    plt.imshow(outputdata, 
               extent=[0, outputdata.shape[1], outputdata.shape[0] * dt, 0], 
               interpolation='nearest', aspect='auto', cmap='seismic', 
               vmin=-np.amax(np.abs(outputdata)), vmax=np.amax(np.abs(outputdata)))
    plt.xlabel('Trace number')
    plt.ylabel('Time [s]')
    # plt.title('{}'.format(filename))

    # Grid properties
    ax = fig.gca()
    ax.grid(which='both', axis='both', linestyle='-.')

    cb = plt.colorbar()
    if 'E' in rxcomponent:
        cb.set_label('Field strength [V/m]')
    elif 'H' in rxcomponent:
        cb.set_label('Field strength [A/m]')
    elif 'I' in rxcomponent:
        cb.set_label('Current [A]')

    # Save a PDF/PNG of the figure
    # savefile = os.path.splitext(filename)[0]
    # fig.savefig(path + os.sep + savefile + '.pdf', dpi=None, format='pdf', 
    #             bbox_inches='tight', pad_inches=0.1)
    # fig.savefig(path + os.sep + savefile + '.png', dpi=150, format='png', 
    #             bbox_inches='tight', pad_inches=0.1)

    return plt


if __name__ == "__main__":

    # Parse command line arguments
    parser = argparse.ArgumentParser(description='Plots a B-scan image.', 
                                     usage='cd gprMax; python -m tools.plot_Bscan outputfile output')
    parser.add_argument('outputfile', help='name of output file including path')
    parser.add_argument('rx_component', help='name of output component to be plotted', 
                        choices=['Ex', 'Ey', 'Ez', 'Hx', 'Hy', 'Hz', 'Ix', 'Iy', 'Iz'])
    args = parser.parse_args()

    # Open output file and read number of outputs (receivers)
    f = h5py.File(args.outputfile, 'r')
    nrx = f.attrs['nrx']
    f.close()

    # Check there are any receivers
    if nrx == 0:
        raise CmdInputError('No receivers found in {}'.format(args.outputfile))

    for rx in range(1, nrx + 1):
        outputdata, dt = get_output_data(args.outputfile, rx, args.rx_component)
        plthandle = mpl_plot(args.outputfile, outputdata, dt, rx, args.rx_component)

    plthandle.show()




if __name__ == "__main__":

    # Parse command line arguments
    parser = argparse.ArgumentParser(description='Plots a B-scan image.', 
                                     usage='cd gprMax; python -m tools.plot_Bscan outputfile output')
    parser.add_argument('outputfile', help='name of output file including path')
    parser.add_argument('rx_component', help='name of output component to be plotted', 
                        choices=['Ex', 'Ey', 'Ez', 'Hx', 'Hy', 'Hz', 'Ix', 'Iy', 'Iz'])
    args = parser.parse_args()

    # Open output file and read number of outputs (receivers)
    f = h5py.File(args.outputfile, 'r')
    nrx = f.attrs['nrx']
    f.close()

    # Check there are any receivers
    if nrx == 0:
        raise CmdInputError('No receivers found in {}'.format(args.outputfile))

    # Create output folder
    output_dir = os.path.join(os.getcwd(), 'saved_plots')
    os.makedirs(output_dir, exist_ok=True)

    for rx in range(1, nrx + 1):
        outputdata, dt = get_output_data(args.outputfile, rx, args.rx_component)
        plthandle = mpl_plot(args.outputfile, outputdata, dt, rx, args.rx_component)

        # Create output filename
        filename_base = os.path.basename(args.outputfile).replace('__merged.out', '')
        save_path = os.path.join(output_dir, f'{filename_base}_rx{rx}_{args.rx_component}.png')

        # Save the figure
        plthandle.savefig(save_path, dpi=300, bbox_inches='tight')
        print(f"✅ Plot saved: {save_path}")

